#
# There is insufficient memory for the Java Runtime Environment to continue.
# Native memory allocation (mmap) failed to map 536870912 bytes. Error detail: G1 virtual space
# Possible reasons:
#   The system is out of physical RAM or swap space
#   This process is running with CompressedOops enabled, and the Java Heap may be blocking the growth of the native heap
# Possible solutions:
#   Reduce memory load on the system
#   Increase physical memory or swap space
#   Check if swap backing store is full
#   Decrease Java heap size (-Xmx/-Xms)
#   Decrease number of Java threads
#   Decrease Java thread stack sizes (-Xss)
#   Set larger code cache with -XX:ReservedCodeCacheSize=
#   JVM is running with Zero Based Compressed Oops mode in which the Java heap is
#     placed in the first 32GB address space. The Java Heap base address is the
#     maximum limit for the native heap growth. Please use -XX:HeapBaseMinAddress
#     to set the Java Heap base and to place the Java Heap above 32GB virtual address.
# This output file may be truncated or incomplete.
#
#  Out of Memory Error (os_windows.cpp:3898), pid=37300, tid=33332
#
# JRE version:  (21.0.7+9) (build )
# Java VM: OpenJDK 64-Bit Server VM (21.0.7+9-b895.130, mixed mode, sharing, tiered, compressed oops, compressed class ptrs, g1 gc, windows-amd64)
# No core dump will be written. Minidumps are not enabled by default on client versions of Windows
#

---------------  S U M M A R Y ------------

Command Line: git4idea.http.GitAskPassApp Username for 'https://github.com': 

Host: 12th Gen Intel(R) Core(TM) i7-12700F, 20 cores, 31G,  Windows 11 , 64 bit Build 22621 (10.0.22621.5415)
Time: Mon Aug  4 14:25:29 2025  Windows 11 , 64 bit Build 22621 (10.0.22621.5415) elapsed time: 0.010260 seconds (0d 0h 0m 0s)

---------------  T H R E A D  ---------------

Current thread (0x000002eb7398eca0):  JavaThread "Unknown thread" [_thread_in_vm, id=33332, stack(0x000000ec9f000000,0x000000ec9f100000) (1024K)]

Stack: [0x000000ec9f000000,0x000000ec9f100000]
Native frames: (J=compiled Java code, j=interpreted, Vv=VM code, C=native code)
V  [jvm.dll+0x6e6049]
V  [jvm.dll+0x8c4343]
V  [jvm.dll+0x8c689e]
V  [jvm.dll+0x8c6f83]
V  [jvm.dll+0x289266]
V  [jvm.dll+0x6e28c5]
V  [jvm.dll+0x6d634a]
V  [jvm.dll+0x36388b]
V  [jvm.dll+0x36b456]
V  [jvm.dll+0x3bd7e6]
V  [jvm.dll+0x3bdab8]
V  [jvm.dll+0x335fdc]
V  [jvm.dll+0x336ccb]
V  [jvm.dll+0x88b7a9]
V  [jvm.dll+0x3ca9b8]
V  [jvm.dll+0x8747f8]
V  [jvm.dll+0x45f3ce]
V  [jvm.dll+0x4610b1]
C  [jli.dll+0x52ab]
C  [ucrtbase.dll+0x29333]
C  [KERNEL32.DLL+0x1259d]
C  [ntdll.dll+0x5af78]


---------------  P R O C E S S  ---------------

Threads class SMR info:
_java_thread_list=0x00007ff8e715b148, length=0, elements={
}

Java Threads: ( => current thread )
Total: 0

Other Threads:
  0x000002eb75e923b0 WorkerThread "GC Thread#0"                     [id=36932, stack(0x000000ec9f100000,0x000000ec9f200000) (1024K)]
  0x000002eb75ea3400 ConcurrentGCThread "G1 Main Marker"            [id=32388, stack(0x000000ec9f200000,0x000000ec9f300000) (1024K)]
  0x000002eb75ea46a0 WorkerThread "G1 Conc#0"                       [id=35416, stack(0x000000ec9f300000,0x000000ec9f400000) (1024K)]

[error occurred during error reporting (printing all threads), id 0xc0000005, EXCEPTION_ACCESS_VIOLATION (0xc0000005) at pc=0x00007ff8e68490b7]
VM state: not at safepoint (not fully initialized)

VM Mutex/Monitor currently owned by a thread:  ([mutex/lock_event])
[0x00007ff8e71cfab8] Heap_lock - owner thread: 0x000002eb7398eca0

Heap address: 0x0000000602800000, size: 8152 MB, Compressed Oops mode: Zero based, Oop shift amount: 3

CDS archive(s) mapped at: [0x0000000000000000-0x0000000000000000-0x0000000000000000), size 0, SharedBaseAddress: 0x0000000800000000, ArchiveRelocationMode: 1.
Narrow klass base: 0x0000000000000000, Narrow klass shift: 0, Narrow klass range: 0x0

GC Precious Log:
 CardTable entry size: 512
 Card Set container configuration: InlinePtr #cards 4 size 8 Array Of Cards #cards 32 size 80 Howl #buckets 8 coarsen threshold 7372 Howl Bitmap #cards 1024 size 144 coarsen threshold 921 Card regions per heap region 1 cards per card region 8192

Heap:
 garbage-first heap   total 0K, used 0K [0x0000000602800000, 0x0000000800000000)
  region size 4096K, 0 young (0K), 0 survivors (0K)
 Metaspace       used 0K, committed 0K, reserved 0K
  class space    used 0K, committed 0K, reserved 0K

Heap Regions: E=young(eden), S=young(survivor), O=old, HS=humongous(starts), HC=humongous(continues), CS=collection set, F=free, TAMS=top-at-mark-start, PB=parsable bottom

Card table byte_map: [0x000002eb7b8c0000,0x000002eb7c8b0000] _byte_map_base: 0x000002eb788ac000

Marking Bits: (CMBitMap*) 0x000002eb75e92ab0
 Bits: [0x000002eb0f000000, 0x000002eb16f60000)

GC Heap History (0 events):
No events

Dll operation events (1 events):
Event: 0.005 Loaded shared library C:\Users\New Designer\AppData\Local\Programs\IntelliJ IDEA Ultimate\jbr\bin\java.dll

Deoptimization events (0 events):
No events

Classes loaded (0 events):
No events

Classes unloaded (0 events):
No events

Classes redefined (0 events):
No events

Internal exceptions (0 events):
No events

ZGC Phase Switch (0 events):
No events

VM Operations (0 events):
No events

Memory protections (0 events):
No events

Nmethod flushes (0 events):
No events

Events (0 events):
No events


Dynamic libraries:
0x00007ff6f1480000 - 0x00007ff6f148a000 	C:\Users\New Designer\AppData\Local\Programs\IntelliJ IDEA Ultimate\jbr\bin\java.exe
0x00007ff973490000 - 0x00007ff9736a7000 	C:\Windows\SYSTEM32\ntdll.dll
0x00007ff972470000 - 0x00007ff972534000 	C:\Windows\System32\KERNEL32.DLL
0x00007ff970bf0000 - 0x00007ff970fc2000 	C:\Windows\System32\KERNELBASE.dll
0x00007ff970970000 - 0x00007ff970a81000 	C:\Windows\System32\ucrtbase.dll
0x00007ff96ac40000 - 0x00007ff96ac5b000 	C:\Users\New Designer\AppData\Local\Programs\IntelliJ IDEA Ultimate\jbr\bin\VCRUNTIME140.dll
0x00007ff9434a0000 - 0x00007ff9434b8000 	C:\Users\New Designer\AppData\Local\Programs\IntelliJ IDEA Ultimate\jbr\bin\jli.dll
0x00007ff971160000 - 0x00007ff971311000 	C:\Windows\System32\USER32.dll
0x00007ff970a90000 - 0x00007ff970ab6000 	C:\Windows\System32\win32u.dll
0x00007ff971570000 - 0x00007ff971599000 	C:\Windows\System32\GDI32.dll
0x00007ff961f30000 - 0x00007ff9621cb000 	C:\Windows\WinSxS\amd64_microsoft.windows.common-controls_6595b64144ccf1df_6.0.22621.5547_none_27104afb73855772\COMCTL32.dll
0x00007ff970ac0000 - 0x00007ff970be3000 	C:\Windows\System32\gdi32full.dll
0x00007ff970fd0000 - 0x00007ff97106a000 	C:\Windows\System32\msvcp_win.dll
0x00007ff972b40000 - 0x00007ff972be7000 	C:\Windows\System32\msvcrt.dll
0x00007ff971120000 - 0x00007ff971151000 	C:\Windows\System32\IMM32.DLL
0x00007ff96ac30000 - 0x00007ff96ac3c000 	C:\Users\New Designer\AppData\Local\Programs\IntelliJ IDEA Ultimate\jbr\bin\vcruntime140_1.dll
0x00007ff8f5ac0000 - 0x00007ff8f5b4d000 	C:\Users\New Designer\AppData\Local\Programs\IntelliJ IDEA Ultimate\jbr\bin\msvcp140.dll
0x00007ff8e6500000 - 0x00007ff8e72c1000 	C:\Users\New Designer\AppData\Local\Programs\IntelliJ IDEA Ultimate\jbr\bin\server\jvm.dll
0x00007ff972bf0000 - 0x00007ff972ca1000 	C:\Windows\System32\ADVAPI32.dll
0x00007ff9714c0000 - 0x00007ff971568000 	C:\Windows\System32\sechost.dll
0x00007ff9710f0000 - 0x00007ff971118000 	C:\Windows\System32\bcrypt.dll
0x00007ff9725d0000 - 0x00007ff9726e4000 	C:\Windows\System32\RPCRT4.dll
0x00007ff972540000 - 0x00007ff9725b1000 	C:\Windows\System32\WS2_32.dll
0x00007ff96f3c0000 - 0x00007ff96f40d000 	C:\Windows\SYSTEM32\POWRPROF.dll
0x00007ff965030000 - 0x00007ff965064000 	C:\Windows\SYSTEM32\WINMM.dll
0x00007ff96afc0000 - 0x00007ff96afca000 	C:\Windows\SYSTEM32\VERSION.dll
0x00007ff96f3a0000 - 0x00007ff96f3b3000 	C:\Windows\SYSTEM32\UMPDC.dll
0x00007ff96f660000 - 0x00007ff96f678000 	C:\Windows\SYSTEM32\kernel.appcore.dll
0x00007ff96ac00000 - 0x00007ff96ac0a000 	C:\Users\New Designer\AppData\Local\Programs\IntelliJ IDEA Ultimate\jbr\bin\jimage.dll
0x00007ff969f70000 - 0x00007ff96a1a3000 	C:\Windows\SYSTEM32\DBGHELP.DLL
0x00007ff972fa0000 - 0x00007ff973333000 	C:\Windows\System32\combase.dll
0x00007ff972cb0000 - 0x00007ff972d87000 	C:\Windows\System32\OLEAUT32.dll
0x00007ff969ea0000 - 0x00007ff969ed2000 	C:\Windows\SYSTEM32\dbgcore.DLL
0x00007ff9706c0000 - 0x00007ff97073b000 	C:\Windows\System32\bcryptPrimitives.dll
0x00007ff96abd0000 - 0x00007ff96abf0000 	C:\Users\New Designer\AppData\Local\Programs\IntelliJ IDEA Ultimate\jbr\bin\java.dll

dbghelp: loaded successfully - version: 4.0.5 - missing functions: none
symbol engine: initialized successfully - sym options: 0x614 - pdb path: .;C:\Users\New Designer\AppData\Local\Programs\IntelliJ IDEA Ultimate\jbr\bin;C:\Windows\SYSTEM32;C:\Windows\WinSxS\amd64_microsoft.windows.common-controls_6595b64144ccf1df_6.0.22621.5547_none_27104afb73855772;C:\Users\New Designer\AppData\Local\Programs\IntelliJ IDEA Ultimate\jbr\bin\server

VM Arguments:
java_command: git4idea.http.GitAskPassApp Username for 'https://github.com': 
java_class_path (initial): C:/Users/New Designer/AppData/Local/Programs/IntelliJ IDEA Ultimate/plugins/vcs-git/lib/git4idea-rt.jar;C:/Users/New Designer/AppData/Local/Programs/IntelliJ IDEA Ultimate/lib/externalProcess-rt.jar
Launcher Type: SUN_STANDARD

[Global flags]
     intx CICompilerCount                          = 12                                        {product} {ergonomic}
     uint ConcGCThreads                            = 4                                         {product} {ergonomic}
     uint G1ConcRefinementThreads                  = 15                                        {product} {ergonomic}
   size_t G1HeapRegionSize                         = 4194304                                   {product} {ergonomic}
    uintx GCDrainStackTargetSize                   = 64                                        {product} {ergonomic}
   size_t InitialHeapSize                          = 536870912                                 {product} {ergonomic}
   size_t MarkStackSize                            = 4194304                                   {product} {ergonomic}
   size_t MaxHeapSize                              = 8547991552                                {product} {ergonomic}
   size_t MinHeapDeltaBytes                        = 4194304                                   {product} {ergonomic}
   size_t MinHeapSize                              = 8388608                                   {product} {ergonomic}
    uintx NonNMethodCodeHeapSize                   = 7602480                                {pd product} {ergonomic}
    uintx NonProfiledCodeHeapSize                  = 122027880                              {pd product} {ergonomic}
    uintx ProfiledCodeHeapSize                     = 122027880                              {pd product} {ergonomic}
    uintx ReservedCodeCacheSize                    = 251658240                              {pd product} {ergonomic}
     bool SegmentedCodeCache                       = true                                      {product} {ergonomic}
   size_t SoftMaxHeapSize                          = 8547991552                             {manageable} {ergonomic}
     bool UseCompressedOops                        = true                           {product lp64_product} {ergonomic}
     bool UseG1GC                                  = true                                      {product} {ergonomic}
     bool UseLargePagesIndividualAllocation        = false                                  {pd product} {ergonomic}

Logging:
Log output configuration:
 #0: stdout all=warning uptime,level,tags foldmultilines=false
 #1: stderr all=off uptime,level,tags foldmultilines=false

Environment Variables:
PATH=C:/Program Files/Git/mingw64/libexec/git-core;C:/Program Files/Git/mingw64/libexec/git-core;C:\Program Files\Git\mingw64\bin;C:\Program Files\Git\usr\bin;C:\Users\New Designer\bin;C:\Program Files\Microsoft\jdk-11.0.16.101-hotspot\bin;C:\Windows\system32;C:\Windows;C:\Windows\System32\Wbem;C:\Windows\System32\WindowsPowerShell\v1.0\;C:\Windows\System32\OpenSSH\;C:\Program Files (x86)\NVIDIA Corporation\PhysX\Common;C:\Program Files\nodejs\;C:\Program Files\Git\cmd;C:\Users\New Designer\AppData\Local\Microsoft\WindowsApps;C:\Program Files (x86)\BrowserStackLocal\;C:\Users\New Designer\AppData\Roaming\npm;C:\Program Files\heroku\bin;C:\Users\New Designer\AppData\Local\JetBrains\Toolbox\scripts;C:\Users\New Designer\AppData\Local\Programs\Microsoft VS Code\bin
USERNAME=New Designer
DISPLAY=:0.0
LC_ALL=en_US.UTF-8
TERM=xterm-256color
TMPDIR=C:\Users\NEWDES~1\AppData\Local\Temp
OS=Windows_NT
PROCESSOR_IDENTIFIER=Intel64 Family 6 Model 151 Stepping 2, GenuineIntel
TMP=C:\Users\NEWDES~1\AppData\Local\Temp
TEMP=C:\Users\NEWDES~1\AppData\Local\Temp




Periodic native trim disabled

JNI global refs:
JNI global refs: 0, weak refs: 0

JNI global refs memory usage: 0, weak refs: 0

Process memory usage:
Resident Set Size: 12388K (0% of 33381868K total physical memory with 8215992K free physical memory)

OOME stack traces (most recent first):
Classloader memory used:

---------------  S Y S T E M  ---------------

OS:
 Windows 11 , 64 bit Build 22621 (10.0.22621.5415)
OS uptime: 4 days 1:28 hours
Hyper-V role detected

CPU: total 20 (initial active 20) (10 cores per cpu, 2 threads per core) family 6 model 151 stepping 2 microcode 0x26, cx8, cmov, fxsr, ht, mmx, 3dnowpref, sse, sse2, sse3, ssse3, sse4.1, sse4.2, popcnt, lzcnt, tsc, tscinvbit, avx, avx2, aes, erms, clmul, bmi1, bmi2, adx, sha, fma, vzeroupper, clflush, clflushopt, clwb, hv, serialize, rdtscp, rdpid, fsrm, f16c, cet_ibt, cet_ss
Processor Information for the first 20 processors :
  Max Mhz: 2100, Current Mhz: 2100, Mhz Limit: 2100

Memory: 4k page, system-wide physical 32599M (8023M free)
TotalPageFile size 34647M (AvailPageFile size 134M)
current process WorkingSet (physical memory assigned to process): 12M, peak: 12M
current process commit charge ("private bytes"): 75M, peak: 587M

vm_info: OpenJDK 64-Bit Server VM (21.0.7+9-b895.130) for windows-amd64 JRE (21.0.7+9-b895.130), built on 2025-05-13 by "builduser" with MS VC++ 16.10 / 16.11 (VS2019)

END.
